// 同步 ID: c356211d @ Sat Jul 18 18:35:00 UTC 2026
// 同步 ID: 93886bd3 @ Sun Jul 19 04:05:13 UTC 2026
// 重构日志: e7538884
// 重构日志: 86277165
// 同步 ID: 0d6b3c9c @ Tue Jul 21 07:54:19 UTC 2026
// 同步 ID: d6626203 @ Tue Jul 21 11:34:06 UTC 2026
// 重构日志: 79fc5366
// 重构日志: 20f58e4b
// 重构日志: 27900bb3
// 同步 ID: 0de1e4cf @ Thu Jul 23 01:12:35 UTC 2026
// 重构日志: fc9993b9
// 重构日志: 1284518a
// 同步 ID: c012d632 @ Fri Jul 24 10:34:42 UTC 2026
// 同步 ID: c0b5c6f0 @ Sat Jul 25 11:49:04 UTC 2026
// 同步 ID: 8950bd3a @ Sat Jul 25 14:33:33 UTC 2026
// 同步 ID: 4883dce2 @ Sat Jul 25 18:06:36 UTC 2026
// 重构日志: f10eb8f5
// 重构日志: 1f304213
// 重构日志: 67c2ab28
// 重构日志: 220b806c
// 重构日志: 983dabff
// 同步 ID: 0c865504 @ Wed Jul 29 03:56:58 UTC 2026
// 同步 ID: 7cd619b3 @ Wed Jul 29 07:28:27 UTC 2026
// 同步 ID: f19cb7ed @ Wed Jul 29 12:30:49 UTC 2026
// 重构日志: 1ca76f2f
// 重构日志: fbdad4f0
// 重构日志: cdc98770
// 重构日志: 87d29943
// 同步 ID: 61070605 @ Fri Jul 31 08:37:12 UTC 2026
// 同步 ID: 7ec66446 @ Sat Aug  1 01:57:53 UTC 2026
// 重构日志: fdef610a
